. 2026-10-04 15:58:55.341 --------------------------------------------------------------------------
. 2026-10-04 15:58:55.341 WinSCP Version 6.5.7 (Build 16562 2026-09-09) (OS 10.0.19045 – Windows 10 Pro)
. 2026-10-04 15:58:55.341 Configuration: nul
. 2026-10-04 15:58:55.357 Log level: Normal
. 2026-10-04 15:58:55.357 Local account: DTS\alexk
. 2026-10-04 15:58:55.357 Working directory: C:\Users\alexk\Desktop\Automation\BitBuketProject\behatzdaa_backend
. 2026-10-04 15:58:55.357 Process ID: 13332
. 2026-10-04 15:58:55.379 Ancestor processes: WinSCP, timeout, timeout, ...
. 2026-10-04 15:58:55.379 Command-line: "H:\.winscp-portable\WinSCP.exe" /console=6.5.7 /consoleinstance=_13836_379 "/log=C:\Users\alexk\Desktop\Automation\BitBuketProject\behatzdaa_backend\.winscp_upload.log" "/ini=nul" "/script=C:\Users\alexk\AppData\Local\Temp\tmp.MmVUheRT1h" 
. 2026-10-04 15:58:55.379 Time zone: Current: GMT+3, Standard: GMT+2 (Jerusalem Standard Time), DST: GMT+3 (Jerusalem Daylight Time), DST Start: 27/03/2026, DST End: 25/10/2026
. 2026-10-04 15:58:55.379 Login time: יום ראשון 04 אוקטובר 2026 15:58:55
. 2026-10-04 15:58:55.379 --------------------------------------------------------------------------
. 2026-10-04 15:58:55.379 Script: Retrospectively logging previous script records:
> 2026-10-04 15:58:55.379 Script: option batch abort
< 2026-10-04 15:58:55.379 Script: batch           abort     
> 2026-10-04 15:58:55.379 Script: option confirm off
< 2026-10-04 15:58:55.379 Script: confirm         off       
> 2026-10-04 15:58:55.379 Script: option transfer binary
< 2026-10-04 15:58:55.379 Script: transfer        binary    
> 2026-10-04 15:58:55.379 Script: open sftp://bitbucketpp:***@sftp.dts.co.il:22/ -hostkey=*
. 2026-10-04 15:58:55.379 --------------------------------------------------------------------------
. 2026-10-04 15:58:55.379 Session name: bitbucketpp@sftp.dts.co.il (Ad-Hoc site)
. 2026-10-04 15:58:55.379 Host name: sftp.dts.co.il (Port: 22)
. 2026-10-04 15:58:55.379 User name: bitbucketpp (Password: Yes, Key file: No, Passphrase: No)
. 2026-10-04 15:58:55.379 Tunnel: No
. 2026-10-04 15:58:55.379 Transfer Protocol: SFTP
. 2026-10-04 15:58:55.379 Ping type: Off, Ping interval: 30 sec; Timeout: 15 sec
. 2026-10-04 15:58:55.379 Disable Nagle: No
. 2026-10-04 15:58:55.379 Proxy: None
. 2026-10-04 15:58:55.379 Send buffer: 262144
. 2026-10-04 15:58:55.379 Compression: No
. 2026-10-04 15:58:55.379 Bypass authentication: No
. 2026-10-04 15:58:55.379 Try agent: Yes; Agent forwarding: No; KI: Yes; GSSAPI: Yes
. 2026-10-04 15:58:55.379 GSSAPI: KEX: No; Forwarding: No; Libs: gssapi32,sspi,custom; Custom: 
. 2026-10-04 15:58:55.379 Ciphers: aes,chacha20,aesgcm,3des,WARN,des,blowfish,arcfour; Ssh2DES: No
. 2026-10-04 15:58:55.379 KEX: ntru-curve25519,mlkem-curve25519,mlkem-nist,ecdh,dh-gex-sha1,dh-group18-sha512,dh-group17-sha512,dh-group16-sha512,dh-group15-sha512,dh-group14-sha1,rsa,WARN,dh-group1-sha1
. 2026-10-04 15:58:55.379 SSH Bugs: Auto,Auto,Auto,Auto,Auto,Auto,Auto,Auto,Auto,Auto
. 2026-10-04 15:58:55.379 Simple channel: Yes
. 2026-10-04 15:58:55.379 Return code variable: Autodetect; Lookup user groups: Auto
. 2026-10-04 15:58:55.379 Shell: default
. 2026-10-04 15:58:55.379 EOL: LF, UTF: Auto
. 2026-10-04 15:58:55.379 Clear aliases: Yes, Unset nat.vars: Yes, Resolve symlinks: Yes; Follow directory symlinks: No
. 2026-10-04 15:58:55.379 LS: ls -la, Ign LS warn: Yes, Scp1 Comp: No; Exit code 1 is error: No
. 2026-10-04 15:58:55.379 SFTP Bugs: Auto,Auto
. 2026-10-04 15:58:55.379 SFTP Server: default
. 2026-10-04 15:58:55.379 Local directory: default, Remote directory: home, Update: Yes, Cache: Yes
. 2026-10-04 15:58:55.379 Cache directory changes: Yes, Permanent: Yes
. 2026-10-04 15:58:55.379 Recycle bin: Delete to: No, Overwritten to: No, Bin path: 
. 2026-10-04 15:58:55.379 DST mode: Unix
. 2026-10-04 15:58:55.379 --------------------------------------------------------------------------
< 2026-10-04 15:58:55.379 Script: Searching for host...
. 2026-10-04 15:58:55.379 Looking up host "sftp.dts.co.il" for SSH connection
. 2026-10-04 15:58:55.390 Connecting to 172.29.35.10 port 22
. 2026-10-04 15:58:55.407 Connected to 172.29.35.10 (from 172.17.200.160:59241)
< 2026-10-04 15:58:55.407 Script: Connecting to host...
. 2026-10-04 15:58:55.407 We claim version: SSH-2.0-WinSCP_release_6.5.7
. 2026-10-04 15:58:55.407 Connected to 172.29.35.10 (from 172.17.200.160:59241)
. 2026-10-04 15:58:55.428 Remote version: SSH-2.0-OpenSSH_9.6p1 Ubuntu-3ubuntu13.19
. 2026-10-04 15:58:55.428 Using SSH protocol version 2
. 2026-10-04 15:58:55.431 Enabling strict key exchange semantics
. 2026-10-04 15:58:55.431 Doing NTRU Prime / Curve25519 hybrid key exchange, using hash SHA-512 (unaccelerated)
. 2026-10-04 15:58:55.639 Server also has ecdsa-sha2-nistp256/rsa-sha2-512/rsa-sha2-256 host keys, but we don't know any of them
. 2026-10-04 15:58:55.639 Host key fingerprint is:
. 2026-10-04 15:58:55.639 ssh-ed25519 255 SHA256:jAm6rCMCEYval5xAXTU7vfytO5BCTjDwpX/QQjELPdQ
< 2026-10-04 15:58:55.639 Script: Authenticating...
< 2026-10-04 15:58:55.639 Script: WARNING! Giving up security and accepting any host key as configured!
* 2026-10-04 15:58:55.639 WARNING! Giving up security and accepting any host key as configured!
. 2026-10-04 15:58:55.639 Initialised AES-256 SDCTR (AES-NI accelerated) [aes256-ctr] outbound encryption
. 2026-10-04 15:58:55.639 Initialised HMAC-SHA-256 outbound MAC algorithm
. 2026-10-04 15:58:55.639 Initialised AES-256 SDCTR (AES-NI accelerated) [aes256-ctr] inbound encryption
. 2026-10-04 15:58:55.639 Initialised HMAC-SHA-256 inbound MAC algorithm
! 2026-10-04 15:58:55.656 Using username "bitbucketpp".
< 2026-10-04 15:58:55.656 Script: Using username "bitbucketpp".
. 2026-10-04 15:58:55.665 Server offered these authentication methods: publickey,password
. 2026-10-04 15:58:55.665 Prompt (password, "SSH password", <no instructions>, "&Password: ")
. 2026-10-04 15:58:55.665 Using stored password.
< 2026-10-04 15:58:55.665 Script: Authenticating with pre-entered password.
. 2026-10-04 15:58:55.665 Sent password
. 2026-10-04 15:58:55.673 Access granted
. 2026-10-04 15:58:55.673 Opening main session channel
. 2026-10-04 15:58:55.839 Opened main channel
. 2026-10-04 15:58:55.839 Started a shell/command
< 2026-10-04 15:58:55.839 Script: Authenticated.
. 2026-10-04 15:58:55.839 --------------------------------------------------------------------------
. 2026-10-04 15:58:55.839 Using SFTP protocol.
. 2026-10-04 15:58:55.839 Doing startup conversation with host.
< 2026-10-04 15:58:55.839 Script: Starting the session...
. 2026-10-04 15:58:55.839 Well known server, allowing SFTP version 6.
> 2026-10-04 15:58:55.839 Type: SSH_FXP_INIT, Size: 5, Number: -1
< 2026-10-04 15:58:55.839 Type: SSH_FXP_VERSION, Size: 318, Number: -1
. 2026-10-04 15:58:55.839 SFTP version 3 negotiated.
. 2026-10-04 15:58:55.839 Supports extension posix-rename@openssh.com="1"
. 2026-10-04 15:58:55.839 Supports statvfs@openssh.com extension version 2
. 2026-10-04 15:58:55.839 Unknown server extension fstatvfs@openssh.com="2"
. 2026-10-04 15:58:55.839 Supports hardlink@openssh.com extension version 1
. 2026-10-04 15:58:55.839 Unknown server extension fsync@openssh.com="1"
. 2026-10-04 15:58:55.839 Unknown server extension lsetstat@openssh.com="1"
. 2026-10-04 15:58:55.839 Supports limits@openssh.com extension version 1
. 2026-10-04 15:58:55.839 Unknown server extension expand-path@openssh.com="1"
. 2026-10-04 15:58:55.839 Supports extension copy-data="1"
. 2026-10-04 15:58:55.839 Unknown server extension home-directory="1"
. 2026-10-04 15:58:55.839 Unknown server extension users-groups-by-id@openssh.com="1"
. 2026-10-04 15:58:55.839 We believe the server has signed timestamps bug
. 2026-10-04 15:58:55.839 We will use UTF-8 strings until server sends an invalid UTF-8 string as with SFTP version 3 and older UTF-8 strings are not mandatory
> 2026-10-04 15:58:55.839 Type: SSH_FXP_EXTENDED, Size: 27, Number: 200
< 2026-10-04 15:58:55.839 Type: SSH_FXP_EXTENDED_REPLY, Size: 37, Number: 200
. 2026-10-04 15:58:55.839 Limiting packet size to server's limit of 262144 + 4 bytes
. 2026-10-04 15:58:55.839 Getting current directory name.
. 2026-10-04 15:58:55.839 Getting real path for '.'
> 2026-10-04 15:58:55.839 Type: SSH_FXP_REALPATH, Size: 10, Number: 272
< 2026-10-04 15:58:55.839 Type: SSH_FXP_NAME, Size: 23, Number: 272
. 2026-10-04 15:58:55.839 Real path is '/'
. 2026-10-04 15:58:55.839 Startup conversation with host finished.
< 2026-10-04 15:58:55.839 Script: Session started.
< 2026-10-04 15:58:55.839 Script: Active session: [1] bitbucketpp@sftp.dts.co.il
> 2026-10-04 15:58:55.839 Script: lcd D:/Publish
< 2026-10-04 15:58:55.839 Script: D:\Publish
> 2026-10-04 15:58:55.839 Script: put behatzdaa_backend_PP_publish.zip /pp/behatzdaa_backend_PP_publish.zip
. 2026-10-04 15:58:55.854 Copying 1 files/directories to remote directory "/pp/" - total size: 20,293,183
. 2026-10-04 15:58:55.854   PrTime: Yes; PrRO: No; Rght: rw-r--r--; PrR: No (No); FnCs: N; RIC: 0001; Resume: S (102400); CalcS: No; Mask: behatzdaa_backend_PP_publish.zip
. 2026-10-04 15:58:55.854   TM: B; ClAr: No; RemEOF: No; RemBOM: No; CPS: 0; NewerOnly: No; EncryptNewFiles: Yes; ExcludeHiddenFiles: No; ExcludeEmptyDirectories: No; InclM: ; ResumeL: 0
. 2026-10-04 15:58:55.854   AscM: *.*html; *.htm; *.txt; *.php; *.php3; *.cgi; *.c; *.cpp; *.h; *.pas; *.bas; *.tex; *.pl; *.js; .htaccess; *.xtml; *.css; *.cfg; *.ini; *.sh; *.xml
. 2026-10-04 15:58:55.855 File: 'behatzdaa_backend_PP_publish.zip' [2026-10-04T12:58:44.026Z] [20293183]
. 2026-10-04 15:58:55.855 Copying "behatzdaa_backend_PP_publish.zip" to remote directory started.
. 2026-10-04 15:58:55.855 Binary transfer mode selected.
. 2026-10-04 15:58:55.856 Checking existence of file.
> 2026-10-04 15:58:55.856 Type: SSH_FXP_LSTAT, Size: 45, Number: 519
< 2026-10-04 15:58:55.857 Type: SSH_FXP_STATUS, Size: 29, Number: 519
< 2026-10-04 15:58:55.858 Status code: 2
. 2026-10-04 15:58:55.858 Checking existence of partially transferred file.
> 2026-10-04 15:58:55.858 Type: SSH_FXP_LSTAT, Size: 54, Number: 775
< 2026-10-04 15:58:55.859 Type: SSH_FXP_STATUS, Size: 29, Number: 775
< 2026-10-04 15:58:55.859 Status code: 2
. 2026-10-04 15:58:55.859 Opening remote file.
> 2026-10-04 15:58:55.859 Type: SSH_FXP_OPEN, Size: 70, Number: 1027
< 2026-10-04 15:58:55.859 Type: SSH_FXP_HANDLE, Size: 13, Number: 1027
> 2026-10-04 15:58:55.859 Type: SSH_FXP_WRITE, Size: 32761, Number: 1542
. 2026-10-04 15:58:55.859 Skipped 14 SSH_FXP_WRITE packets
< 2026-10-04 15:58:55.859 Type: SSH_FXP_STATUS, Size: 24, Number: 1542
< 2026-10-04 15:58:55.859 Status code: 0
. 2026-10-04 15:58:56.409 Increasing send buffer from 262144 to 524288
. 2026-10-04 15:58:56.739 Skipped 605 SSH_FXP_WRITE and 591 SSH_FXP_STATUS packets
> 2026-10-04 15:58:56.739 Type: SSH_FXP_CLOSE, Size: 13, Number: 160260
. 2026-10-04 15:58:56.779 Skipped 28 SSH_FXP_STATUS packets
< 2026-10-04 15:58:56.779 Type: SSH_FXP_STATUS, Size: 24, Number: 160260
< 2026-10-04 15:58:56.779 Status code: 0
> 2026-10-04 15:58:56.779 Type: SSH_FXP_RENAME, Size: 94, Number: 160530
< 2026-10-04 15:58:56.789 Type: SSH_FXP_STATUS, Size: 24, Number: 160530
< 2026-10-04 15:58:56.789 Status code: 0
. 2026-10-04 15:58:56.789 Preserving timestamp [2026-10-04T12:58:44.000Z]
> 2026-10-04 15:58:56.789 Type: SSH_FXP_SETSTAT, Size: 57, Number: 1289
< 2026-10-04 15:58:56.792 Type: SSH_FXP_STATUS, Size: 24, Number: 1289
< 2026-10-04 15:58:56.792 Status code: 0
. 2026-10-04 15:58:56.792 Transfer done: 'behatzdaa_backend_PP_publish.zip' => '/pp/behatzdaa_backend_PP_publish.zip' [20293183]
. 2026-10-04 15:58:56.793 Copying finished: Transferred: 20,293,183, Elapsed: 0:00:00, CPS: 21,611,483/s
> 2026-10-04 15:58:56.794 Script: exit
. 2026-10-04 15:58:56.794 Script: Exit code: 0
. 2026-10-04 15:58:56.794 Closing connection.
. 2026-10-04 15:58:56.794 Sending special code: 1
. 2026-10-04 15:58:56.797 Session sent command exit status 0
. 2026-10-04 15:58:56.797 Main session channel closed
. 2026-10-04 15:58:56.797 All channels closed
